10:54:33 **** Build of project spiApp_bsp ****
make -k all 
"Running Make include in microblaze_0/libsrc/bram_v4_1/src"
make -C microblaze_0/libsrc/bram_v4_1/src -s include  "SHELL=CMD" "COMPILER=mb-gcc" "ARCHIVER=mb-ar" "COMPILER_FLAGS= -O2 -c -mcpu=v10.0 -mlittle-endian -mxl-soft-mul" "EXTRA_COMPILER_FLAGS=-g"
"Running Make include in microblaze_0/libsrc/cpu_v2_5/src"
make -C microblaze_0/libsrc/cpu_v2_5/src -s include  "SHELL=CMD" "COMPILER=mb-gcc" "ARCHIVER=mb-ar" "COMPILER_FLAGS= -O2 -c -mcpu=v10.0 -mlittle-endian -mxl-soft-mul" "EXTRA_COMPILER_FLAGS=-g"
"Running Make include in microblaze_0/libsrc/spi_v4_2/src"
make -C microblaze_0/libsrc/spi_v4_2/src -s include  "SHELL=CMD" "COMPILER=mb-gcc" "ARCHIVER=mb-ar" "COMPILER_FLAGS= -O2 -c -mcpu=v10.0 -mlittle-endian -mxl-soft-mul" "EXTRA_COMPILER_FLAGS=-g"
"Running Make include in microblaze_0/libsrc/standalone_v6_0/src"
make -C microblaze_0/libsrc/standalone_v6_0/src -s include  "SHELL=CMD" "COMPILER=mb-gcc" "ARCHIVER=mb-ar" "COMPILER_FLAGS= -O2 -c -mcpu=v10.0 -mlittle-endian -mxl-soft-mul" "EXTRA_COMPILER_FLAGS=-g"
"Running Make include in microblaze_0/libsrc/uartlite_v3_2/src"
make -C microblaze_0/libsrc/uartlite_v3_2/src -s include  "SHELL=CMD" "COMPILER=mb-gcc" "ARCHIVER=mb-ar" "COMPILER_FLAGS= -O2 -c -mcpu=v10.0 -mlittle-endian -mxl-soft-mul" "EXTRA_COMPILER_FLAGS=-g"
"Running Make libs in microblaze_0/libsrc/bram_v4_1/src"
make -C microblaze_0/libsrc/bram_v4_1/src -s libs  "SHELL=CMD" "COMPILER=mb-gcc" "ARCHIVER=mb-ar" "COMPILER_FLAGS= -O2 -c -mcpu=v10.0 -mlittle-endian -mxl-soft-mul" "EXTRA_COMPILER_FLAGS=-g"
"Compiling bram"
mb-ar: creating ../../../lib/libxil.a
"Running Make libs in microblaze_0/libsrc/cpu_v2_5/src"
make -C microblaze_0/libsrc/cpu_v2_5/src -s libs  "SHELL=CMD" "COMPILER=mb-gcc" "ARCHIVER=mb-ar" "COMPILER_FLAGS= -O2 -c -mcpu=v10.0 -mlittle-endian -mxl-soft-mul" "EXTRA_COMPILER_FLAGS=-g"
"Compiling cpu"
"Running Make libs in microblaze_0/libsrc/spi_v4_2/src"
make -C microblaze_0/libsrc/spi_v4_2/src -s libs  "SHELL=CMD" "COMPILER=mb-gcc" "ARCHIVER=mb-ar" "COMPILER_FLAGS= -O2 -c -mcpu=v10.0 -mlittle-endian -mxl-soft-mul" "EXTRA_COMPILER_FLAGS=-g"
"Compiling spi"
"Running Make libs in microblaze_0/libsrc/standalone_v6_0/src"
make -C microblaze_0/libsrc/standalone_v6_0/src -s libs  "SHELL=CMD" "COMPILER=mb-gcc" "ARCHIVER=mb-ar" "COMPILER_FLAGS= -O2 -c -mcpu=v10.0 -mlittle-endian -mxl-soft-mul" "EXTRA_COMPILER_FLAGS=-g"
"Compiling standalone";
"Running Make libs in microblaze_0/libsrc/uartlite_v3_2/src"
make -C microblaze_0/libsrc/uartlite_v3_2/src -s libs  "SHELL=CMD" "COMPILER=mb-gcc" "ARCHIVER=mb-ar" "COMPILER_FLAGS= -O2 -c -mcpu=v10.0 -mlittle-endian -mxl-soft-mul" "EXTRA_COMPILER_FLAGS=-g"
"Compiling uartlite"
'Finished building libraries'
10:54:42 **** Build of configuration Debug for project spiApp ****
make all 
'Building file: ../src/testperiph.c'
'Invoking: MicroBlaze gcc compiler'
mb-gcc -Wall -O0 -g3 -c -fmessage-length=0 -MT"src/testperiph.o" -I../../spiApp_bsp/microblaze_0/include -mlittle-endian -mcpu=v10.0 -mxl-soft-mul -Wl,--no-relax -MMD -MP -MF"src/testperiph.d" -MT"src/testperiph.o" -o "src/testperiph.o" "../src/testperiph.c"
'Finished building: ../src/testperiph.c'
' '
'Building file: ../src/xspi_selftest_example.c'
'Invoking: MicroBlaze gcc compiler'
mb-gcc -Wall -O0 -g3 -c -fmessage-length=0 -MT"src/xspi_selftest_example.o" -I../../spiApp_bsp/microblaze_0/include -mlittle-endian -mcpu=v10.0 -mxl-soft-mul -Wl,--no-relax -MMD -MP -MF"src/xspi_selftest_example.d" -MT"src/xspi_selftest_example.o" -o "src/xspi_selftest_example.o" "../src/xspi_selftest_example.c"
'Finished building: ../src/xspi_selftest_example.c'
' '
'Building target: spiApp.elf'
'Invoking: MicroBlaze gcc linker'
mb-gcc -Wl,-T -Wl,../src/lscript.ld -L../../spiApp_bsp/microblaze_0/lib -mlittle-endian -mcpu=v10.0 -mxl-soft-mul -Wl,--no-relax -o "spiApp.elf"  ./src/testperiph.o ./src/xspi_selftest_example.o   -Wl,--start-group,-lxil,-lgcc,-lc,--end-group
'Finished building target: spiApp.elf'
' '
'Invoking: MicroBlaze Print Size'
mb-size spiApp.elf  |tee "spiApp.elf.size"
   text	   data	    bss	    dec	    hex	filename
   7916	    320	   3212	  11448	   2cb8	spiApp.elf
'Finished building: spiApp.elf.size'
' '
10:54:44 **** Auto Build of configuration Debug for project spiApp ****
make all 
make: Nothing to be done for `all'.
10:54:57 **** Auto Build of configuration Debug for project spiApp ****
make all 
'Building file: ../src/testperiph.c'
'Invoking: MicroBlaze gcc compiler'
mb-gcc -Wall -O0 -g3 -c -fmessage-length=0 -MT"src/testperiph.o" -I../../spiApp_bsp/microblaze_0/include -mlittle-endian -mcpu=v10.0 -mxl-soft-mul -Wl,--no-relax -MMD -MP -MF"src/testperiph.d" -MT"src/testperiph.o" -o "src/testperiph.o" "../src/testperiph.c"
'Finished building: ../src/testperiph.c'
' '
'Building target: spiApp.elf'
'Invoking: MicroBlaze gcc linker'
mb-gcc -Wl,-T -Wl,../src/lscript.ld -L../../spiApp_bsp/microblaze_0/lib -mlittle-endian -mcpu=v10.0 -mxl-soft-mul -Wl,--no-relax -o "spiApp.elf"  ./src/testperiph.o ./src/xspi_selftest_example.o   -Wl,--start-group,-lxil,-lgcc,-lc,--end-group
'Finished building target: spiApp.elf'
' '
'Invoking: MicroBlaze Print Size'
mb-size spiApp.elf  |tee "spiApp.elf.size"
   text	   data	    bss	    dec	    hex	filename
   8124	    320	   3276	  11720	   2dc8	spiApp.elf
'Finished building: spiApp.elf.size'
' '
10:55:17 **** Auto Build of configuration Debug for project spiApp ****
make all 
'Building file: ../src/testperiph.c'
'Invoking: MicroBlaze gcc compiler'
mb-gcc -Wall -O0 -g3 -c -fmessage-length=0 -MT"src/testperiph.o" -I../../spiApp_bsp/microblaze_0/include -mlittle-endian -mcpu=v10.0 -mxl-soft-mul -Wl,--no-relax -MMD -MP -MF"src/testperiph.d" -MT"src/testperiph.o" -o "src/testperiph.o" "../src/testperiph.c"
'Finished building: ../src/testperiph.c'
' '
'Building target: spiApp.elf'
'Invoking: MicroBlaze gcc linker'
mb-gcc -Wl,-T -Wl,../src/lscript.ld -L../../spiApp_bsp/microblaze_0/lib -mlittle-endian -mcpu=v10.0 -mxl-soft-mul -Wl,--no-relax -o "spiApp.elf"  ./src/testperiph.o ./src/xspi_selftest_example.o   -Wl,--start-group,-lxil,-lgcc,-lc,--end-group
'Finished building target: spiApp.elf'
' '
'Invoking: MicroBlaze Print Size'
mb-size spiApp.elf  |tee "spiApp.elf.size"
   text	   data	    bss	    dec	    hex	filename
   8124	    320	   3276	  11720	   2dc8	spiApp.elf
'Finished building: spiApp.elf.size'
' '
10:55:29 **** Auto Build of configuration Debug for project spiApp ****
make all 
'Building file: ../src/testperiph.c'
'Invoking: MicroBlaze gcc compiler'
mb-gcc -Wall -O0 -g3 -c -fmessage-length=0 -MT"src/testperiph.o" -I../../spiApp_bsp/microblaze_0/include -mlittle-endian -mcpu=v10.0 -mxl-soft-mul -Wl,--no-relax -MMD -MP -MF"src/testperiph.d" -MT"src/testperiph.o" -o "src/testperiph.o" "../src/testperiph.c"
'Finished building: ../src/testperiph.c'
' '
'Building target: spiApp.elf'
'Invoking: MicroBlaze gcc linker'
mb-gcc -Wl,-T -Wl,../src/lscript.ld -L../../spiApp_bsp/microblaze_0/lib -mlittle-endian -mcpu=v10.0 -mxl-soft-mul -Wl,--no-relax -o "spiApp.elf"  ./src/testperiph.o ./src/xspi_selftest_example.o   -Wl,--start-group,-lxil,-lgcc,-lc,--end-group
'Finished building target: spiApp.elf'
' '
'Invoking: MicroBlaze Print Size'
mb-size spiApp.elf  |tee "spiApp.elf.size"
   text	   data	    bss	    dec	    hex	filename
   8124	    320	   3276	  11720	   2dc8	spiApp.elf
'Finished building: spiApp.elf.size'
' '
11:06:03 **** Incremental Build of configuration Debug for project spiApp ****
make all 
make: Nothing to be done for `all'.
11:07:04 **** Incremental Build of configuration Debug for project spiApp ****
make all 
make: Nothing to be done for `all'.
11:08:01 **** Incremental Build of configuration Debug for project spiApp ****
make all 
make: Nothing to be done for `all'.
11:09:30 **** Incremental Build of configuration Debug for project spiApp ****
make all 
make: Nothing to be done for `all'.
11:11:36 **** Auto Build of configuration Debug for project spiApp ****
make all 
'Building file: ../src/testperiph.c'
'Invoking: MicroBlaze gcc compiler'
mb-gcc -Wall -O0 -g3 -c -fmessage-length=0 -MT"src/testperiph.o" -I../../spiApp_bsp/microblaze_0/include -mlittle-endian -mcpu=v10.0 -mxl-soft-mul -Wl,--no-relax -MMD -MP -MF"src/testperiph.d" -MT"src/testperiph.o" -o "src/testperiph.o" "../src/testperiph.c"
'Finished building: ../src/testperiph.c'
' '
'Building target: spiApp.elf'
'Invoking: MicroBlaze gcc linker'
mb-gcc -Wl,-T -Wl,../src/lscript.ld -L../../spiApp_bsp/microblaze_0/lib -mlittle-endian -mcpu=v10.0 -mxl-soft-mul -Wl,--no-relax -o "spiApp.elf"  ./src/testperiph.o ./src/xspi_selftest_example.o   -Wl,--start-group,-lxil,-lgcc,-lc,--end-group
'Finished building target: spiApp.elf'
' '
'Invoking: MicroBlaze Print Size'
mb-size spiApp.elf  |tee "spiApp.elf.size"
   text	   data	    bss	    dec	    hex	filename
   8124	    320	   3236	  11680	   2da0	spiApp.elf
'Finished building: spiApp.elf.size'
' '
11:12:06 **** Auto Build of configuration Debug for project spiApp ****
make all 
'Building file: ../src/testperiph.c'
'Invoking: MicroBlaze gcc compiler'
mb-gcc -Wall -O0 -g3 -c -fmessage-length=0 -MT"src/testperiph.o" -I../../spiApp_bsp/microblaze_0/include -mlittle-endian -mcpu=v10.0 -mxl-soft-mul -Wl,--no-relax -MMD -MP -MF"src/testperiph.d" -MT"src/testperiph.o" -o "src/testperiph.o" "../src/testperiph.c"
'Finished building: ../src/testperiph.c'
' '
'Building target: spiApp.elf'
'Invoking: MicroBlaze gcc linker'
mb-gcc -Wl,-T -Wl,../src/lscript.ld -L../../spiApp_bsp/microblaze_0/lib -mlittle-endian -mcpu=v10.0 -mxl-soft-mul -Wl,--no-relax -o "spiApp.elf"  ./src/testperiph.o ./src/xspi_selftest_example.o   -Wl,--start-group,-lxil,-lgcc,-lc,--end-group
'Finished building target: spiApp.elf'
' '
'Invoking: MicroBlaze Print Size'
mb-size spiApp.elf  |tee "spiApp.elf.size"
   text	   data	    bss	    dec	    hex	filename
   8124	    320	   3244	  11688	   2da8	spiApp.elf
'Finished building: spiApp.elf.size'
' '
11:12:46 **** Incremental Build of configuration Debug for project spiApp ****
make all 
make: Nothing to be done for `all'.
11:15:14 **** Auto Build of configuration Debug for project spiApp ****
make all 
'Building file: ../src/testperiph.c'
'Invoking: MicroBlaze gcc compiler'
mb-gcc -Wall -O0 -g3 -c -fmessage-length=0 -MT"src/testperiph.o" -I../../spiApp_bsp/microblaze_0/include -mlittle-endian -mcpu=v10.0 -mxl-soft-mul -Wl,--no-relax -MMD -MP -MF"src/testperiph.d" -MT"src/testperiph.o" -o "src/testperiph.o" "../src/testperiph.c"
'Finished building: ../src/testperiph.c'
' '
'Building target: spiApp.elf'
'Invoking: MicroBlaze gcc linker'
mb-gcc -Wl,-T -Wl,../src/lscript.ld -L../../spiApp_bsp/microblaze_0/lib -mlittle-endian -mcpu=v10.0 -mxl-soft-mul -Wl,--no-relax -o "spiApp.elf"  ./src/testperiph.o ./src/xspi_selftest_example.o   -Wl,--start-group,-lxil,-lgcc,-lc,--end-group
'Finished building target: spiApp.elf'
' '
'Invoking: MicroBlaze Print Size'
mb-size spiApp.elf  |tee "spiApp.elf.size"
   text	   data	    bss	    dec	    hex	filename
  11352	    324	   3244	  14920	   3a48	spiApp.elf
'Finished building: spiApp.elf.size'
' '
11:15:24 **** Auto Build of configuration Debug for project spiApp ****
make all 
'Building file: ../src/testperiph.c'
'Invoking: MicroBlaze gcc compiler'
mb-gcc -Wall -O0 -g3 -c -fmessage-length=0 -MT"src/testperiph.o" -I../../spiApp_bsp/microblaze_0/include -mlittle-endian -mcpu=v10.0 -mxl-soft-mul -Wl,--no-relax -MMD -MP -MF"src/testperiph.d" -MT"src/testperiph.o" -o "src/testperiph.o" "../src/testperiph.c"
'Finished building: ../src/testperiph.c'
' '
'Building target: spiApp.elf'
'Invoking: MicroBlaze gcc linker'
mb-gcc -Wl,-T -Wl,../src/lscript.ld -L../../spiApp_bsp/microblaze_0/lib -mlittle-endian -mcpu=v10.0 -mxl-soft-mul -Wl,--no-relax -o "spiApp.elf"  ./src/testperiph.o ./src/xspi_selftest_example.o   -Wl,--start-group,-lxil,-lgcc,-lc,--end-group
'Finished building target: spiApp.elf'
' '
'Invoking: MicroBlaze Print Size'
mb-size spiApp.elf  |tee "spiApp.elf.size"
   text	   data	    bss	    dec	    hex	filename
  11356	    324	   3248	  14928	   3a50	spiApp.elf
'Finished building: spiApp.elf.size'
' '
11:15:26 **** Auto Build of configuration Debug for project spiApp ****
make all 
'Building file: ../src/testperiph.c'
'Invoking: MicroBlaze gcc compiler'
mb-gcc -Wall -O0 -g3 -c -fmessage-length=0 -MT"src/testperiph.o" -I../../spiApp_bsp/microblaze_0/include -mlittle-endian -mcpu=v10.0 -mxl-soft-mul -Wl,--no-relax -MMD -MP -MF"src/testperiph.d" -MT"src/testperiph.o" -o "src/testperiph.o" "../src/testperiph.c"
'Finished building: ../src/testperiph.c'
' '
'Building target: spiApp.elf'
'Invoking: MicroBlaze gcc linker'
mb-gcc -Wl,-T -Wl,../src/lscript.ld -L../../spiApp_bsp/microblaze_0/lib -mlittle-endian -mcpu=v10.0 -mxl-soft-mul -Wl,--no-relax -o "spiApp.elf"  ./src/testperiph.o ./src/xspi_selftest_example.o   -Wl,--start-group,-lxil,-lgcc,-lc,--end-group
'Finished building target: spiApp.elf'
' '
'Invoking: MicroBlaze Print Size'
mb-size spiApp.elf  |tee "spiApp.elf.size"
   text	   data	    bss	    dec	    hex	filename
  11356	    324	   3248	  14928	   3a50	spiApp.elf
'Finished building: spiApp.elf.size'
' '
11:16:22 **** Auto Build of configuration Debug for project spiApp ****
make all 
'Building file: ../src/testperiph.c'
'Invoking: MicroBlaze gcc compiler'
mb-gcc -Wall -O0 -g3 -c -fmessage-length=0 -MT"src/testperiph.o" -I../../spiApp_bsp/microblaze_0/include -mlittle-endian -mcpu=v10.0 -mxl-soft-mul -Wl,--no-relax -MMD -MP -MF"src/testperiph.d" -MT"src/testperiph.o" -o "src/testperiph.o" "../src/testperiph.c"
'Finished building: ../src/testperiph.c'
' '
'Building target: spiApp.elf'
'Invoking: MicroBlaze gcc linker'
mb-gcc -Wl,-T -Wl,../src/lscript.ld -L../../spiApp_bsp/microblaze_0/lib -mlittle-endian -mcpu=v10.0 -mxl-soft-mul -Wl,--no-relax -o "spiApp.elf"  ./src/testperiph.o ./src/xspi_selftest_example.o   -Wl,--start-group,-lxil,-lgcc,-lc,--end-group
'Finished building target: spiApp.elf'
' '
'Invoking: MicroBlaze Print Size'
mb-size spiApp.elf  |tee "spiApp.elf.size"
   text	   data	    bss	    dec	    hex	filename
  11392	    324	   3244	  14960	   3a70	spiApp.elf
'Finished building: spiApp.elf.size'
' '
11:16:26 **** Auto Build of configuration Debug for project spiApp ****
make all 
'Building file: ../src/testperiph.c'
'Invoking: MicroBlaze gcc compiler'
mb-gcc -Wall -O0 -g3 -c -fmessage-length=0 -MT"src/testperiph.o" -I../../spiApp_bsp/microblaze_0/include -mlittle-endian -mcpu=v10.0 -mxl-soft-mul -Wl,--no-relax -MMD -MP -MF"src/testperiph.d" -MT"src/testperiph.o" -o "src/testperiph.o" "../src/testperiph.c"
'Finished building: ../src/testperiph.c'
' '
'Building target: spiApp.elf'
'Invoking: MicroBlaze gcc linker'
mb-gcc -Wl,-T -Wl,../src/lscript.ld -L../../spiApp_bsp/microblaze_0/lib -mlittle-endian -mcpu=v10.0 -mxl-soft-mul -Wl,--no-relax -o "spiApp.elf"  ./src/testperiph.o ./src/xspi_selftest_example.o   -Wl,--start-group,-lxil,-lgcc,-lc,--end-group
'Finished building target: spiApp.elf'
' '
'Invoking: MicroBlaze Print Size'
mb-size spiApp.elf  |tee "spiApp.elf.size"
   text	   data	    bss	    dec	    hex	filename
  11440	    324	   3244	  15008	   3aa0	spiApp.elf
'Finished building: spiApp.elf.size'
' '
11:16:31 **** Auto Build of configuration Debug for project spiApp ****
make all 
'Building file: ../src/testperiph.c'
'Invoking: MicroBlaze gcc compiler'
mb-gcc -Wall -O0 -g3 -c -fmessage-length=0 -MT"src/testperiph.o" -I../../spiApp_bsp/microblaze_0/include -mlittle-endian -mcpu=v10.0 -mxl-soft-mul -Wl,--no-relax -MMD -MP -MF"src/testperiph.d" -MT"src/testperiph.o" -o "src/testperiph.o" "../src/testperiph.c"
'Finished building: ../src/testperiph.c'
' '
'Building target: spiApp.elf'
'Invoking: MicroBlaze gcc linker'
mb-gcc -Wl,-T -Wl,../src/lscript.ld -L../../spiApp_bsp/microblaze_0/lib -mlittle-endian -mcpu=v10.0 -mxl-soft-mul -Wl,--no-relax -o "spiApp.elf"  ./src/testperiph.o ./src/xspi_selftest_example.o   -Wl,--start-group,-lxil,-lgcc,-lc,--end-group
'Finished building target: spiApp.elf'
' '
'Invoking: MicroBlaze Print Size'
mb-size spiApp.elf  |tee "spiApp.elf.size"
   text	   data	    bss	    dec	    hex	filename
  11464	    324	   3244	  15032	   3ab8	spiApp.elf
'Finished building: spiApp.elf.size'
' '
11:17:27 **** Incremental Build of configuration Debug for project spiApp ****
make all 
make: Nothing to be done for `all'.
11:18:24 **** Auto Build of configuration Debug for project spiApp ****
make all 
'Building file: ../src/testperiph.c'
'Invoking: MicroBlaze gcc compiler'
mb-gcc -Wall -O0 -g3 -c -fmessage-length=0 -MT"src/testperiph.o" -I../../spiApp_bsp/microblaze_0/include -mlittle-endian -mcpu=v10.0 -mxl-soft-mul -Wl,--no-relax -MMD -MP -MF"src/testperiph.d" -MT"src/testperiph.o" -o "src/testperiph.o" "../src/testperiph.c"
'Finished building: ../src/testperiph.c'
' '
'Building target: spiApp.elf'
'Invoking: MicroBlaze gcc linker'
mb-gcc -Wl,-T -Wl,../src/lscript.ld -L../../spiApp_bsp/microblaze_0/lib -mlittle-endian -mcpu=v10.0 -mxl-soft-mul -Wl,--no-relax -o "spiApp.elf"  ./src/testperiph.o ./src/xspi_selftest_example.o   -Wl,--start-group,-lxil,-lgcc,-lc,--end-group
'Finished building target: spiApp.elf'
' '
'Invoking: MicroBlaze Print Size'
mb-size spiApp.elf  |tee "spiApp.elf.size"
   text	   data	    bss	    dec	    hex	filename
  11356	    324	   3248	  14928	   3a50	spiApp.elf
'Finished building: spiApp.elf.size'
' '
11:18:29 **** Auto Build of configuration Debug for project spiApp ****
make all 
'Building file: ../src/testperiph.c'
'Invoking: MicroBlaze gcc compiler'
mb-gcc -Wall -O0 -g3 -c -fmessage-length=0 -MT"src/testperiph.o" -I../../spiApp_bsp/microblaze_0/include -mlittle-endian -mcpu=v10.0 -mxl-soft-mul -Wl,--no-relax -MMD -MP -MF"src/testperiph.d" -MT"src/testperiph.o" -o "src/testperiph.o" "../src/testperiph.c"
'Finished building: ../src/testperiph.c'
' '
'Building target: spiApp.elf'
'Invoking: MicroBlaze gcc linker'
mb-gcc -Wl,-T -Wl,../src/lscript.ld -L../../spiApp_bsp/microblaze_0/lib -mlittle-endian -mcpu=v10.0 -mxl-soft-mul -Wl,--no-relax -o "spiApp.elf"  ./src/testperiph.o ./src/xspi_selftest_example.o   -Wl,--start-group,-lxil,-lgcc,-lc,--end-group
'Finished building target: spiApp.elf'
' '
'Invoking: MicroBlaze Print Size'
mb-size spiApp.elf  |tee "spiApp.elf.size"
   text	   data	    bss	    dec	    hex	filename
  11464	    324	   3244	  15032	   3ab8	spiApp.elf
'Finished building: spiApp.elf.size'
' '
11:18:36 **** Auto Build of configuration Debug for project spiApp ****
make all 
'Building file: ../src/testperiph.c'
'Invoking: MicroBlaze gcc compiler'
mb-gcc -Wall -O0 -g3 -c -fmessage-length=0 -MT"src/testperiph.o" -I../../spiApp_bsp/microblaze_0/include -mlittle-endian -mcpu=v10.0 -mxl-soft-mul -Wl,--no-relax -MMD -MP -MF"src/testperiph.d" -MT"src/testperiph.o" -o "src/testperiph.o" "../src/testperiph.c"
'Finished building: ../src/testperiph.c'
' '
'Building target: spiApp.elf'
'Invoking: MicroBlaze gcc linker'
mb-gcc -Wl,-T -Wl,../src/lscript.ld -L../../spiApp_bsp/microblaze_0/lib -mlittle-endian -mcpu=v10.0 -mxl-soft-mul -Wl,--no-relax -o "spiApp.elf"  ./src/testperiph.o ./src/xspi_selftest_example.o   -Wl,--start-group,-lxil,-lgcc,-lc,--end-group
'Finished building target: spiApp.elf'
' '
'Invoking: MicroBlaze Print Size'
mb-size spiApp.elf  |tee "spiApp.elf.size"
   text	   data	    bss	    dec	    hex	filename
  11392	    324	   3244	  14960	   3a70	spiApp.elf
'Finished building: spiApp.elf.size'
' '
11:19:27 **** Incremental Build of configuration Debug for project spiApp ****
make all 
make: Nothing to be done for `all'.
11:20:25 **** Incremental Build of configuration Debug for project spiApp ****
make all 
make: Nothing to be done for `all'.
11:21:51 **** Incremental Build of configuration Debug for project spiApp ****
make all 
make: Nothing to be done for `all'.
